Archive Project report for regfile
Fri Feb 01 06:18:14 2013
Quartus II Version 9.1 Build 350 03/24/2010 Service Pack 2 SJ Web Edition


---------------------
; Table of Contents ;
---------------------
  1. Legal Notice
  2. Archive Project Summary
  3. Archive Project Messages
  4. Files Archived



----------------
; Legal Notice ;
----------------
Copyright (C) 1991-2010 Altera Corporation
Your use of Altera Corporation's design tools, logic functions 
and other software and tools, and its AMPP partner logic 
functions, and any output files from any of the foregoing 
(including device programming or simulation files), and any 
associated documentation or information are expressly subject 
to the terms and conditions of the Altera Program License 
Subscription Agreement, Altera MegaCore Function License 
Agreement, or other applicable license agreement, including, 
without limitation, that your use is for the sole purpose of 
programming logic devices manufactured by Altera and sold by 
Altera or its authorized distributors.  Please refer to the 
applicable agreement for further details.



+----------------------------------------------------------------+
; Archive Project Summary                                        ;
+------------------------+---------------------------------------+
; Archive Project Status ; Successful - Fri Feb 01 06:18:14 2013 ;
; Revision Name          ; regfile                               ;
; Top-level Entity Name  ; regfile                               ;
; Family                 ; Stratix II                            ;
+------------------------+---------------------------------------+


+--------------------------+
; Archive Project Messages ;
+--------------------------+
Info: File Set 'Source control' contains:
    Info: Project source and settings files
    Info: Automatically detected source files
Info: ----------------------------------------------------------
Info: ----------------------------------------------------------
Info: Generated archive 'C:/quartus/quartus/project/regfile/regfile.qar'
Info: ----------------------------------------------------------
Info: ----------------------------------------------------------
Info: Generated report 'regfile.archive.rpt'
Info: Evaluation of Tcl script c:/quartus/quartus/common/tcl/apps/qpm/qar.tcl was successful
Info: Quartus II Shell was successful. 0 errors, 0 warnings
    Info: Peak virtual memory: 137 megabytes
    Info: Processing ended: Fri Feb 01 06:18:14 2013
    Info: Elapsed time: 00:00:02
    Info: Total CPU time (on all processors): 00:00:02


+------------------------------------------------+
; Files Archived                                 ;
+------------------------------------------------+
; File Name                                      ;
+------------------------------------------------+
; c:/quartus/quartus/bin/assignment_defaults.qdf ;
; db/regfile.sim.cvwf                            ;
; decoder2to4.vhd                                ;
; decoder3to8.vhd                                ;
; decoder5to32.vhd                               ;
; dflipflop.vhd                                  ;
; reg.vhd                                        ;
; regfile.qpf                                    ;
; regfile.qsf                                    ;
; regfile.vhd                                    ;
; regfile.vwf                                    ;
; tristate.vhd                                   ;
+------------------------------------------------+


